MPASM 03.20.08 Intermediate                    ROBOHARKKA.ASM   1-24-2015  13:39:11         PAGE  1


LOC  OBJECT CODE     LINE SOURCE TEXT
  VALUE

                      00001  
                      00002 
                      00003         list  P=PIC18F452, F=INHX32, C=160, N=0, ST=OFF, MM=OFF, R=DEC, X=ON
                      00004 
                      00005     #include "P18F452.INC"  ; Include header file
                      00001         LIST
                      00002 
                      00003 ; P18F452.INC  Standard Header File, Version 1.1   Microchip Technology, Inc.
                      00004 
                      01709         LIST
                      01710 
                      00006 
300000 FAFF           00007                 __CONFIG  _CONFIG1H, _HS_OSC_1H  ;HS oscillator
                      00008         __CONFIG  _CONFIG2L, _PWRT_ON_2L & _BOR_ON_2L & _BORV_42_2L  ;Reset
300002 FEF6           00009         __CONFIG  _CONFIG2H, _WDT_OFF_2H  ;Watchdog timer disabled
300004 FFFF           00010         __CONFIG  _CONFIG3H, _CCP2MX_ON_3H  ;CCP2 to RC1 (rather than to RB3)
300006 FFFB           00011         __CONFIG  _CONFIG4L, _LVP_OFF_4L  ;RB5 enabled for I/O
                      00012 
                      00013         CBLOCK 0x20             ; Declare variable addresses starting at 0x20
  00000020            00014           dataL
                      00015         ENDC
                      00016 
000000                00017         org   0x0000            ; Program starts at 0x000
                      00018        
                      00019 
                      00020 ; ------------------------------------
                      00021 ; SET BAUD RATE TO COMMUNICATE WITH PC
                      00022 ; ------------------------------------
                      00023 ; Boot Baud Rate = 9600, No Parity, 1 Stop Bit
                      00024 ;
                      00025 
000000                00026 MAINLINE
                      00027 
000000 D804           00028                 rcall Initial
000002 D80F           00029         rcall message          
000004                00030 loop 
000004 D827           00031         rcall send               ; send the char
000006 EF02 F000      00032         goto loop
                      00033 
                      00034 
                      00035        ;;;;;;HARKKA;;;
00000A                00036 Initial
                      00037 
                      00038 
00000A 010F           00039         BANKSEL SPBRG
00000C 0E19           00040         movlw D'25'
00000E 6EAF           00041         movwf SPBRG
000010 010F           00042         BANKSEL TXSTA
000012 84AC           00043         bsf TXSTA, BRGH
                      00044 
000014 010F           00045         BANKSEL TXSTA
000016 0E24           00046         movlw B'00100100'
000018 6EAC           00047         movwf TXSTA
00001A 010F           00048         BANKSEL RCSTA
00001C 0E90           00049         movlw B'10010000'
00001E 6EAB           00050         movwf RCSTA
                      00051 
000020 0012           00052         return 
                      00053 
                      00054 
                      00055 ; -------------------------------------------------------------
                      00056 ; SEND CHARACTER IN W VIA RS232 AND WAIT UNTIL FINISHED SENDING
                      00057 ; -------------------------------------------------------------
                      00058 ;
                      00059 
                      00060 
                      00061 ;
                      00062 ; -------
                      00063 ; MESSAGE
                      00064 ; -------
                      00065 ;
000022 0E23           00066 message movlw  '#'
000024 EC2A F000      00067         call send
000028 0E38           00068         movlw  '8'
00002A EC2A F000      00069         call send
00002E 0E50           00070         movlw  'P'
000030 EC2A F000      00071         call send
000034 0E37           00072         movlw  '7'
000036 EC2A F000      00073         call send
00003A 0E35           00074         movlw  '5'
00003C EC2A F000      00075         call send        
000040 0E30           00076         movlw  '0'
000042 EC2A F000      00077         call send
000046 0E30           00078                 movlw  '0'
000048 EC2A F000      00079         call send
00004C 0E0D           00080         movlw  0x0D ;CR
00004E EC2A F000      00081         call send
000052 0012           00082         return
                      00083 
                      00084 
000054                00085 send 
000054 6EAD           00086       movwf TXREG
000056 010F           00087       BANKSEL PIR1
000058                00088 WaitTX
000058 A89E           00089        btfss PIR1, TXIF
00005A EF2C F000      00090        goto WaitTX  
00005E 0012           00091        return  
                      00092 
                      00093 
                      00094 
                      00095         END 

Errors   :     0
Warnings :     0 reported,     0 suppressed
Messages :     0 reported,     0 suppressed

